// Jest Snapshot v1, https://goo.gl/fbAQLP

exports[`App has a valid snapshot 1`] = `
<div
  className="container"
>
  <form
    onSubmit={[Function]}
  >
    <input
      onChange={[Function]}
      placeholder="Pesquisar..."
      type="text"
    />
    <button
      type="submit"
    >
      Pesquisar
    </button>
  </form>
  <ul />
  <div
    className="buttons"
  >
    <button
      onClick={[Function]}
    >
      Voltar
    </button>
    <button
      onClick={[Function]}
    >
      Proximo
    </button>
  </div>
</div>
`;
